******************************************************************************
                  TI ARM Linker Unix v5.2.5                    
******************************************************************************
>> Linked Mon Apr  4 14:40:56 2016

OUTPUT FILE NAME:   <Micromouse.out>
ENTRY POINT SYMBOL: "_c_int00"  address: 00001f4d


MEMORY CONFIGURATION

         name            origin    length      used     unused   attr    fill
----------------------  --------  ---------  --------  --------  ----  --------
  FLASH                 00000000   00040000  00002cfe  0003d302  R  X
  SRAM                  20000000   00008000  0000059d  00007a63  RW X


SEGMENT ALLOCATION MAP

run origin  load origin   length   init length attrs members
----------  ----------- ---------- ----------- ----- -------
00000000    00000000    00002d00   00002d00    r-x
  00000000    00000000    0000026c   0000026c    r-- .intvecs
  0000026c    0000026c    00002580   00002580    r-x .text
  000027ec    000027ec    000004ca   000004ca    r-- .const
  00002cb8    00002cb8    00000048   00000048    r-- .cinit
20000000    20000000    000005a0   00000000    rw-
  20000000    20000000    0000026c   00000000    rw- .vtable
  2000026c    2000026c    00000200   00000000    rw- .stack
  2000046c    2000046c    00000115   00000000    rw- .bss
  20000584    20000584    0000001c   00000000    rw- .data


SECTION ALLOCATION MAP

 output                                  attributes/
section   page    origin      length       input sections
--------  ----  ----------  ----------   ----------------
.intvecs   0    00000000    0000026c     
                  00000000    0000026c     tm4c123gh6pm_startup_ccs.obj (.intvecs)

.text      0    0000026c    00002580     
                  0000026c    00000310     uartstdio.obj (.text)
                  0000057c    00000304     IRSensors.obj (.text)
                  00000880    0000023c     BaterrySensor.obj (.text)
                  00000abc    00000214     MotorsDrivers.obj (.text)
                  00000cd0    000001e4     MotorsController.obj (.text)
                  00000eb4    000001d4     topUtils.obj (.text)
                  00001088    00000160     Encoders.obj (.text)
                  000011e8    00000136     rtsv7M4_T_le_v4SPD16_eabi.lib : fd_div_t2.obj (.text)
                  0000131e    00000132     driverlib.lib : gpio.obj (.text:GPIOPadConfigSet)
                  00001450    00000114     Bluetooth.obj (.text)
                  00001564    00000110     driverlib.lib : sysctl.obj (.text:SysCtlClockGet)
                  00001674    000000fc     rtsv7M4_T_le_v4SPD16_eabi.lib : fd_mul_t2.obj (.text)
                  00001770    000000f4     driverlib.lib : sysctl.obj (.text:SysCtlClockSet)
                  00001864    000000f0     robotBluetoothMsgs.obj (.text)
                  00001954    000000b4     robot.obj (.text)
                  00001a08    000000a4     MyTimer.obj (.text)
                  00001aac    0000009c     rtsv7M4_T_le_v4SPD16_eabi.lib : memcpy_t2.obj (.text)
                  00001b48    0000007a     driverlib.lib : adc.obj (.text:ADCSequenceStepConfigure)
                  00001bc2    0000007a     rtsv7M4_T_le_v4SPD16_eabi.lib : memset_t2.obj (.text)
                  00001c3c    00000070     UsbUart.obj (.text)
                  00001cac    0000006c     rtsv7M4_T_le_v4SPD16_eabi.lib : autoinit.obj (.text)
                  00001d18    0000006a                                   : copy_decompress_rle.obj (.text)
                  00001d82    00000002                                   : i_div0.obj (.text)
                  00001d84    00000068     driverlib.lib : interrupt.obj (.text:IntEnable)
                  00001dec    00000060                   : timer.obj (.text:TimerConfigure)
                  00001e4c    00000058                   : timer.obj (.text:TimerControlTrigger)
                  00001ea4    00000056                   : gpio.obj (.text:GPIOIntTypeSet)
                  00001efa    00000002     --HOLE-- [fill = 0]
                  00001efc    00000050                   : adc.obj (.text:_ADCIntNumberGet)
                  00001f4c    00000050     rtsv7M4_T_le_v4SPD16_eabi.lib : boot.obj (.text)
                  00001f9c    0000004c     driverlib.lib : timer.obj (.text:_TimerIntNumberGet)
                  00001fe8    0000004c     rtsv7M4_T_le_v4SPD16_eabi.lib : cpy_tbl.obj (.text)
                  00002034    00000048     driverlib.lib : gpio.obj (.text:GPIOPinConfigure)
                  0000207c    00000048     rtsv7M4_T_le_v4SPD16_eabi.lib : fd_tos_t2.obj (.text)
                  000020c4    00000046     driverlib.lib : uart.obj (.text:UARTConfigSetExpClk)
                  0000210a    00000002     --HOLE-- [fill = 0]
                  0000210c    00000044     rtsv7M4_T_le_v4SPD16_eabi.lib : exit.obj (.text)
                  00002150    00000040     driverlib.lib : gpio.obj (.text:_GPIOIntNumberGet)
                  00002190    00000040                   : uart.obj (.text:_UARTIntNumberGet)
                  000021d0    00000040     rtsv7M4_T_le_v4SPD16_eabi.lib : u_divt2.obj (.text)
                  00002210    0000003e     driverlib.lib : adc.obj (.text:ADCSequenceConfigure)
                  0000224e    00000038     Motors.obj (.text)
                  00002286    00000002     --HOLE-- [fill = 0]
                  00002288    00000038     driverlib.lib : sysctl.obj (.text:SysCtlPeripheralPresent)
                  000022c0    00000038     rtsv7M4_T_le_v4SPD16_eabi.lib : fs_tod_t2.obj (.text)
                  000022f8    00000034     driverlib.lib : interrupt.obj (.text:IntRegister)
                  0000232c    00000034                   : sysctl.obj (.text:SysCtlPeripheralEnable)
                  00002360    0000002a                   : gpio.obj (.text:GPIODirModeSet)
                  0000238a    00000022                   : pwm.obj (.text:PWMGenConfigure)
                  000023ac    00000020                   : uart.obj (.text:UARTDisable)
                  000023cc    0000001e                   : adc.obj (.text:ADCSequenceDataGet)
                  000023ea    0000001e                   : pwm.obj (.text:PWMPulseWidthSet)
                  00002408    0000001c     topUtils.obj (.text:ledsTurnOff1)
                  00002424    0000001c     topUtils.obj (.text:ledsTurnOn1)
                  00002440    0000001c     UsbUart.obj (.text:usbUartSendStr)
                  0000245c    00000018     driverlib.lib : adc.obj (.text:ADCIntRegister)
                  00002474    00000018                   : adc.obj (.text:ADCProcessorTrigger)
                  0000248c    00000018                   : gpio.obj (.text:GPIOIntRegister)
                  000024a4    00000018                   : gpio.obj (.text:GPIOPinTypeGPIOOutput)
                  000024bc    00000018                   : timer.obj (.text:TimerDisable)
                  000024d4    00000018                   : timer.obj (.text:TimerIntRegister)
                  000024ec    00000018                   : uart.obj (.text:UARTIntRegister)
                  00002504    00000018     main.obj (.text)
                  0000251c    00000018     rtsv7M4_T_le_v4SPD16_eabi.lib : args_main.obj (.text)
                  00002534    00000014     driverlib.lib : uart.obj (.text:UARTEnable)
                  00002548    00000014     rtsv7M4_T_le_v4SPD16_eabi.lib : _lock.obj (.text)
                  0000255c    00000012     driverlib.lib : gpio.obj (.text:GPIOPinTypeGPIOInput)
                  0000256e    00000012                   : gpio.obj (.text:GPIOPinTypePWM)
                  00002580    00000012                   : gpio.obj (.text:GPIOPinTypeQEI)
                  00002592    00000012                   : gpio.obj (.text:GPIOPinTypeUART)
                  000025a4    00000012                   : pwm.obj (.text:PWMOutputState)
                  000025b6    00000012                   : timer.obj (.text:TimerLoadSet)
                  000025c8    00000012                   : timer.obj (.text:TimerMatchSet)
                  000025da    00000010                   : adc.obj (.text:ADCIntEnable)
                  000025ea    00000002     --HOLE-- [fill = 0]
                  000025ec    00000010                   : fpu.obj (.text:FPUEnable)
                  000025fc    00000010                   : pwm.obj (.text:PWMGenPeriodSet)
                  0000260c    00000010                   : qei.obj (.text:QEIVelocityConfigure)
                  0000261c    00000010     topUtils.obj (.text:buzPeriodicalOff)
                  0000262c    00000010     topUtils.obj (.text:buzPeriodicalOn)
                  0000263c    00000010     topUtils.obj (.text:ledsPeriodical2On)
                  0000264c    0000000e     driverlib.lib : adc.obj (.text:ADCHardwareOversampleConfigure)
                  0000265a    0000000e                   : adc.obj (.text:ADCIntDisable)
                  00002668    0000000e                   : adc.obj (.text:ADCSequenceDisable)
                  00002676    0000000e                   : adc.obj (.text:ADCSequenceEnable)
                  00002684    0000000e                   : qei.obj (.text:QEIConfigure)
                  00002692    0000000e                   : qei.obj (.text:QEIDirectionGet)
                  000026a0    0000000e                   : timer.obj (.text:TimerEnable)
                  000026ae    0000000e                   : uart.obj (.text:UARTCharGetNonBlocking)
                  000026bc    0000000e                   : uart.obj (.text:UARTCharsAvail)
                  000026ca    0000000e     rtsv7M4_T_le_v4SPD16_eabi.lib : copy_decompress_none.obj (.text:decompress:none)
                  000026d8    0000000c     driverlib.lib : gpio.obj (.text:GPIOIntEnable)
                  000026e4    0000000c                   : pwm.obj (.text:PWMGenDisable)
                  000026f0    0000000c                   : pwm.obj (.text:PWMGenEnable)
                  000026fc    0000000c     rtsv7M4_T_le_v4SPD16_eabi.lib : copy_zero_init.obj (.text:decompress:ZI)
                  00002708    0000000c     topUtils.obj (.text:ledsPeriodical2Off)
                  00002714    0000000c     MotorsController.obj (.text:motVelSetPointLeft)
                  00002720    0000000c     MotorsController.obj (.text:motVelSetPointRight)
                  0000272c    0000000c     tm4c123gh6pm_startup_ccs.obj (.text)
                  00002738    0000000a     driverlib.lib : adc.obj (.text:ADCIntClear)
                  00002742    0000000a                   : qei.obj (.text:QEIDisable)
                  0000274c    0000000a                   : qei.obj (.text:QEIEnable)
                  00002756    0000000a                   : qei.obj (.text:QEIVelocityDisable)
                  00002760    0000000a                   : qei.obj (.text:QEIVelocityEnable)
                  0000276a    0000000a                   : timer.obj (.text:TimerIntDisable)
                  00002774    0000000a                   : timer.obj (.text:TimerIntStatus)
                  0000277e    0000000a                   : uart.obj (.text:UARTCharGet)
                  00002788    0000000a                   : uart.obj (.text:UARTCharPut)
                  00002792    0000000a                   : uart.obj (.text:UARTFIFOEnable)
                  0000279c    00000008                   : timer.obj (.text:TimerIntEnable)
                  000027a4    00000008                   : uart.obj (.text:UARTIntEnable)
                  000027ac    00000006                   : gpio.obj (.text:GPIOIntClear)
                  000027b2    00000006                   : gpio.obj (.text:GPIOPinWrite)
                  000027b8    00000006                   : sysctl.obj (.text:SysCtlDelay)
                  000027be    00000006                   : uart.obj (.text:UARTClockSourceSet)
                  000027c4    00000006                   : uart.obj (.text:UARTFIFOLevelSet)
                  000027ca    00000006     rtsv7M4_T_le_v4SPD16_eabi.lib : copy_decompress_rle.obj (.text:decompress:rle24)
                  000027d0    00000004     driverlib.lib : qei.obj (.text:QEIPositionGet)
                  000027d4    00000004                   : qei.obj (.text:QEIPositionSet)
                  000027d8    00000004                   : qei.obj (.text:QEIVelocityGet)
                  000027dc    00000004                   : timer.obj (.text:TimerADCEventSet)
                  000027e0    00000004                   : timer.obj (.text:TimerIntClear)
                  000027e4    00000004                   : uart.obj (.text:UARTIntClear)
                  000027e8    00000004     rtsv7M4_T_le_v4SPD16_eabi.lib : pre_init.obj (.text)

.const     0    000027ec    000004ca     
                  000027ec    000000c0     driverlib.lib : gpio.obj (.const:g_ppui32GPIOIntMapBlizzard)
                  000028ac    000000c0                   : gpio.obj (.const:g_ppui32GPIOIntMapSnowflake)
                  0000296c    00000090                   : gpio.obj (.const:g_pui32GPIOBaseAddrs)
                  000029fc    00000070                   : interrupt.obj (.const)
                  00002a6c    0000006c                   : sysctl.obj (.const:g_pui32Xtals)
                  00002ad8    00000060                   : timer.obj (.const:g_ppui32TimerIntMap)
                  00002b38    00000050     MotorsController.obj (.const)
                  00002b88    00000040     driverlib.lib : timer.obj (.const:g_ppui32TimerIntMapSnowflake)
                  00002bc8    00000040                   : uart.obj (.const:g_ppui32UARTIntMap)
                  00002c08    00000040                   : uart.obj (.const:g_ppui32UARTIntMapSnowflake)
                  00002c48    00000040     IRSensors.obj (.const:sensorsTable)
                  00002c88    0000001c     uartstdio.obj (.const)
                  00002ca4    00000012     uartstdio.obj (.const:.string)

.cinit     0    00002cb8    00000048     
                  00002cb8    0000000f     (.cinit..data.load) [load image, compression = rle]
                  00002cc7    00000001     --HOLE-- [fill = 0]
                  00002cc8    0000000c     (__TI_handler_table)
                  00002cd4    00000004     --HOLE-- [fill = 0]
                  00002cd8    00000008     (.cinit..bss.load) [load image, compression = zero_init]
                  00002ce0    00000008     (.cinit..vtable.load) [load image, compression = zero_init]
                  00002ce8    00000018     (__TI_cinit_table)

.init_array 
*          0    00000000    00000000     UNINITIALIZED

.vtable    0    20000000    0000026c     UNINITIALIZED
                  20000000    0000026c     driverlib.lib : interrupt.obj (.vtable)

.bss       0    2000046c    00000115     UNINITIALIZED
                  2000046c    00000084     Bluetooth.obj (.bss:btStruct)
                  200004f0    00000030     MotorsController.obj (.bss:cntrlSt)
                  20000520    00000020     (.common:str)
                  20000540    00000018     (.common:irSenStruct)
                  20000558    00000010     (.common:batSensStruct)
                  20000568    00000010     (.common:topStruct)
                  20000578    00000008     (.common:myTimerStruct)
                  20000580    00000001     (.common:robotStruct)

.data      0    20000584    0000001c     UNINITIALIZED
                  20000584    00000008     rtsv7M4_T_le_v4SPD16_eabi.lib : _lock.obj (.data)
                  2000058c    00000008                                   : exit.obj (.data)
                  20000594    00000005     uartstdio.obj (.data)
                  20000599    00000003     --HOLE--
                  2000059c    00000004     rtsv7M4_T_le_v4SPD16_eabi.lib : stkdepth_vars.obj (.data)

.stack     0    2000026c    00000200     UNINITIALIZED
                  2000026c    00000200     --HOLE--

.TI.noinit 
*          0    2000046c    00000000     UNINITIALIZED

.TI.persistent 
*          0    20000584    00000000     UNINITIALIZED


LINKER GENERATED COPY TABLES

__TI_cinit_table @ 00002ce8 records: 3, size/record: 8, table size: 24
	.data: load addr=00002cb8, load size=0000000f bytes, run addr=20000584, run size=0000001c bytes, compression=rle
	.bss: load addr=00002cd8, load size=00000008 bytes, run addr=2000046c, run size=00000115 bytes, compression=zero_init
	.vtable: load addr=00002ce0, load size=00000008 bytes, run addr=20000000, run size=0000026c bytes, compression=zero_init


LINKER GENERATED HANDLER TABLE

__TI_handler_table @ 00002cc8 records: 3, size/record: 4, table size: 12
	index: 0, handler: __TI_zero_init
	index: 1, handler: __TI_decompress_rle24
	index: 2, handler: __TI_decompress_none


GLOBAL SYMBOLS: SORTED ALPHABETICALLY BY Name 

address   name                          
-------   ----                          
0000264d  ADCHardwareOversampleConfigure
00002739  ADCIntClear                   
0000265b  ADCIntDisable                 
000025db  ADCIntEnable                  
0000245d  ADCIntRegister                
00002475  ADCProcessorTrigger           
00002211  ADCSequenceConfigure          
000023cd  ADCSequenceDataGet            
00002669  ADCSequenceDisable            
00002677  ADCSequenceEnable             
00001b49  ADCSequenceStepConfigure      
0000210d  C$$EXIT                       
000025ed  FPUEnable                     
00002361  GPIODirModeSet                
000027ad  GPIOIntClear                  
000026d9  GPIOIntEnable                 
0000248d  GPIOIntRegister               
00001ea5  GPIOIntTypeSet                
0000131f  GPIOPadConfigSet              
00002035  GPIOPinConfigure              
0000255d  GPIOPinTypeGPIOInput          
000024a5  GPIOPinTypeGPIOOutput         
0000256f  GPIOPinTypePWM                
00002581  GPIOPinTypeQEI                
00002593  GPIOPinTypeUART               
000027b3  GPIOPinWrite                  
00001d85  IntEnable                     
000022f9  IntRegister                   
0000238b  PWMGenConfigure               
000026e5  PWMGenDisable                 
000026f1  PWMGenEnable                  
000025fd  PWMGenPeriodSet               
000025a5  PWMOutputState                
000023eb  PWMPulseWidthSet              
00002685  QEIConfigure                  
00002693  QEIDirectionGet               
00002743  QEIDisable                    
0000274d  QEIEnable                     
000027d1  QEIPositionGet                
000027d5  QEIPositionSet                
0000260d  QEIVelocityConfigure          
00002757  QEIVelocityDisable            
00002761  QEIVelocityEnable             
000027d9  QEIVelocityGet                
0000272d  ResetISR                      
UNDEFED   SHT$$INIT_ARRAY$$Base         
UNDEFED   SHT$$INIT_ARRAY$$Limit        
00001565  SysCtlClockGet                
00001771  SysCtlClockSet                
000027b9  SysCtlDelay                   
0000232d  SysCtlPeripheralEnable        
00002289  SysCtlPeripheralPresent       
000027dd  TimerADCEventSet              
00001ded  TimerConfigure                
00001e4d  TimerControlTrigger           
000024bd  TimerDisable                  
000026a1  TimerEnable                   
000027e1  TimerIntClear                 
0000276b  TimerIntDisable               
0000279d  TimerIntEnable                
000024d5  TimerIntRegister              
00002775  TimerIntStatus                
000025b7  TimerLoadSet                  
000025c9  TimerMatchSet                 
0000277f  UARTCharGet                   
000026af  UARTCharGetNonBlocking        
00002789  UARTCharPut                   
000026bd  UARTCharsAvail                
000027bf  UARTClockSourceSet            
000020c5  UARTConfigSetExpClk           
000023ad  UARTDisable                   
00002535  UARTEnable                    
00002793  UARTFIFOEnable                
000027c5  UARTFIFOLevelSet              
000027e5  UARTIntClear                  
000027a5  UARTIntEnable                 
000024ed  UARTIntRegister               
00000509  UARTStdioConfig               
000004fb  UARTgetc                      
00000483  UARTgets                      
00000469  UARTprintf                    
0000029f  UARTvprintf                   
0000026d  UARTwrite                     
2000046c  __STACK_END                   
00000200  __STACK_SIZE                  
2000046c  __STACK_TOP                   
00002ce8  __TI_CINIT_Base               
00002d00  __TI_CINIT_Limit              
00002cc8  __TI_Handler_Table_Base       
00002cd4  __TI_Handler_Table_Limit      
00001cad  __TI_auto_init                
2000058c  __TI_cleanup_ptr              
000026cb  __TI_decompress_none          
000027cb  __TI_decompress_rle24         
20000590  __TI_dtors_ptr                
00000000  __TI_static_base__            
000026fd  __TI_zero_init                
0000207d  __aeabi_d2f                   
000011e9  __aeabi_ddiv                  
00001675  __aeabi_dmul                  
000022c1  __aeabi_f2d                   
00001d83  __aeabi_idiv0                 
00001bc3  __aeabi_memclr                
00001bc3  __aeabi_memclr4               
00001bc3  __aeabi_memclr8               
00001aad  __aeabi_memcpy                
00001aad  __aeabi_memcpy4               
00001aad  __aeabi_memcpy8               
00001bc5  __aeabi_memset                
00001bc5  __aeabi_memset4               
00001bc5  __aeabi_memset8               
000021d1  __aeabi_uidiv                 
000021d1  __aeabi_uidivmod              
ffffffff  __binit__                     
ffffffff  __c_args__                    
2000026c  __stack                       
0000251d  _args_main                    
00001f4d  _c_int00                      
20000584  _lock                         
00002557  _nop                          
0000254f  _register_lock                
00002549  _register_unlock              
000027e9  _system_pre_init              
20000588  _unlock                       
00002111  abort                         
0000098f  batSensAdcInt                 
00000987  batSensCheckState             
0000095d  batSensDisable                
0000092b  batSensEnable                 
0000091b  batSensGetMeasures            
00000895  batSensInit                   
20000558  batSensStruct                 
00000881  batSensTimInt                 
ffffffff  binit                         
0000152b  btAddMessage                  
0000151f  btDeleteMessage               
000018e3  btFunB                        
000018bb  btFunE                        
0000188d  btFunI                        
0000186b  btFunMotor                    
00001869  btFunP                        
00001865  btFunS                        
0000149f  btInit                        
00001451  btInterrupt                   
2000046c  btStruct                      
00001955  btn1Int                       
0000101f  btn1IntRegister               
00000fc7  btn1Interrupt                 
00001973  btn2Int                       
00000fef  btn2IntRegister               
00000fdb  btn2Interrupt                 
0000261d  buzPeriodicalOff              
0000262d  buzPeriodicalOn               
200004f0  cntrlSt                       
00001fe9  copy_in                       
00001183  encDisable                    
00001163  encEnable                     
000010c1  encInit                       
000010bb  encLGetPos                    
000010a5  encLGetVel                    
0000109f  encRGetPos                    
00001089  encRGetVel                    
00002119  exit                          
20000000  g_pfnRAMVectors               
00000000  g_pfnVectors                  
000007e9  irSenAdcInt                   
00000797  irSenDisable                  
0000074d  irSenEnable                   
00000739  irSenGetAllVals               
000005c3  irSenInit                     
20000540  irSenStruct                   
0000057d  irSenTimInt                   
00002709  ledsPeriodical2Off            
0000263d  ledsPeriodical2On             
00002409  ledsTurnOff1                  
00002425  ledsTurnOn1                   
00002505  main                          
2000059c  main_func_sp                  
00001aad  memcpy                        
00001bcb  memset                        
00000e2b  motCntrlDisable               
00000e0b  motCntrlEnable                
00000d8f  motCntrlInit                  
00000d1b  motCntrlTimeoutInt            
00002715  motVelSetPointLeft            
00002721  motVelSetPointRight           
00002277  motorsDisable                 
00000c71  motorsDriversDisable          
00000c3b  motorsDriversEnable           
00000b7f  motorsDriversInit             
00002267  motorsEnable                  
0000224f  motorsInit                    
00000b1d  motorsMLPwmSet                
00000abd  motorsMRPwmSet                
00000b39  motorsSetupML                 
00000ad7  motorsSetupMR                 
00001a3b  myTimerInit                   
00001a1d  myTimerInt                    
20000578  myTimerStruct                 
00001a09  myTimerWait                   
00000cd1  pidIteration                  
000019af  robotInit                     
0000197b  robotProcedure                
00001973  robotStart                    
00001967  robotStartOthers              
00001955  robotStop                     
20000580  robotStruct                   
00002c48  sensorsTable                  
20000520  str                           
20000568  topStruct                     
00001c3d  usbUartInit                   
00002441  usbUartSendStr                
00000eff  utilsInit                     
00000eb5  utilsTimInt                   


GLOBAL SYMBOLS: SORTED BY Symbol Address 

address   name                          
-------   ----                          
00000000  __TI_static_base__            
00000000  g_pfnVectors                  
00000200  __STACK_SIZE                  
0000026d  UARTwrite                     
0000029f  UARTvprintf                   
00000469  UARTprintf                    
00000483  UARTgets                      
000004fb  UARTgetc                      
00000509  UARTStdioConfig               
0000057d  irSenTimInt                   
000005c3  irSenInit                     
00000739  irSenGetAllVals               
0000074d  irSenEnable                   
00000797  irSenDisable                  
000007e9  irSenAdcInt                   
00000881  batSensTimInt                 
00000895  batSensInit                   
0000091b  batSensGetMeasures            
0000092b  batSensEnable                 
0000095d  batSensDisable                
00000987  batSensCheckState             
0000098f  batSensAdcInt                 
00000abd  motorsMRPwmSet                
00000ad7  motorsSetupMR                 
00000b1d  motorsMLPwmSet                
00000b39  motorsSetupML                 
00000b7f  motorsDriversInit             
00000c3b  motorsDriversEnable           
00000c71  motorsDriversDisable          
00000cd1  pidIteration                  
00000d1b  motCntrlTimeoutInt            
00000d8f  motCntrlInit                  
00000e0b  motCntrlEnable                
00000e2b  motCntrlDisable               
00000eb5  utilsTimInt                   
00000eff  utilsInit                     
00000fc7  btn1Interrupt                 
00000fdb  btn2Interrupt                 
00000fef  btn2IntRegister               
0000101f  btn1IntRegister               
00001089  encRGetVel                    
0000109f  encRGetPos                    
000010a5  encLGetVel                    
000010bb  encLGetPos                    
000010c1  encInit                       
00001163  encEnable                     
00001183  encDisable                    
000011e9  __aeabi_ddiv                  
0000131f  GPIOPadConfigSet              
00001451  btInterrupt                   
0000149f  btInit                        
0000151f  btDeleteMessage               
0000152b  btAddMessage                  
00001565  SysCtlClockGet                
00001675  __aeabi_dmul                  
00001771  SysCtlClockSet                
00001865  btFunS                        
00001869  btFunP                        
0000186b  btFunMotor                    
0000188d  btFunI                        
000018bb  btFunE                        
000018e3  btFunB                        
00001955  btn1Int                       
00001955  robotStop                     
00001967  robotStartOthers              
00001973  btn2Int                       
00001973  robotStart                    
0000197b  robotProcedure                
000019af  robotInit                     
00001a09  myTimerWait                   
00001a1d  myTimerInt                    
00001a3b  myTimerInit                   
00001aad  __aeabi_memcpy                
00001aad  __aeabi_memcpy4               
00001aad  __aeabi_memcpy8               
00001aad  memcpy                        
00001b49  ADCSequenceStepConfigure      
00001bc3  __aeabi_memclr                
00001bc3  __aeabi_memclr4               
00001bc3  __aeabi_memclr8               
00001bc5  __aeabi_memset                
00001bc5  __aeabi_memset4               
00001bc5  __aeabi_memset8               
00001bcb  memset                        
00001c3d  usbUartInit                   
00001cad  __TI_auto_init                
00001d83  __aeabi_idiv0                 
00001d85  IntEnable                     
00001ded  TimerConfigure                
00001e4d  TimerControlTrigger           
00001ea5  GPIOIntTypeSet                
00001f4d  _c_int00                      
00001fe9  copy_in                       
00002035  GPIOPinConfigure              
0000207d  __aeabi_d2f                   
000020c5  UARTConfigSetExpClk           
0000210d  C$$EXIT                       
00002111  abort                         
00002119  exit                          
000021d1  __aeabi_uidiv                 
000021d1  __aeabi_uidivmod              
00002211  ADCSequenceConfigure          
0000224f  motorsInit                    
00002267  motorsEnable                  
00002277  motorsDisable                 
00002289  SysCtlPeripheralPresent       
000022c1  __aeabi_f2d                   
000022f9  IntRegister                   
0000232d  SysCtlPeripheralEnable        
00002361  GPIODirModeSet                
0000238b  PWMGenConfigure               
000023ad  UARTDisable                   
000023cd  ADCSequenceDataGet            
000023eb  PWMPulseWidthSet              
00002409  ledsTurnOff1                  
00002425  ledsTurnOn1                   
00002441  usbUartSendStr                
0000245d  ADCIntRegister                
00002475  ADCProcessorTrigger           
0000248d  GPIOIntRegister               
000024a5  GPIOPinTypeGPIOOutput         
000024bd  TimerDisable                  
000024d5  TimerIntRegister              
000024ed  UARTIntRegister               
00002505  main                          
0000251d  _args_main                    
00002535  UARTEnable                    
00002549  _register_unlock              
0000254f  _register_lock                
00002557  _nop                          
0000255d  GPIOPinTypeGPIOInput          
0000256f  GPIOPinTypePWM                
00002581  GPIOPinTypeQEI                
00002593  GPIOPinTypeUART               
000025a5  PWMOutputState                
000025b7  TimerLoadSet                  
000025c9  TimerMatchSet                 
000025db  ADCIntEnable                  
000025ed  FPUEnable                     
000025fd  PWMGenPeriodSet               
0000260d  QEIVelocityConfigure          
0000261d  buzPeriodicalOff              
0000262d  buzPeriodicalOn               
0000263d  ledsPeriodical2On             
0000264d  ADCHardwareOversampleConfigure
0000265b  ADCIntDisable                 
00002669  ADCSequenceDisable            
00002677  ADCSequenceEnable             
00002685  QEIConfigure                  
00002693  QEIDirectionGet               
000026a1  TimerEnable                   
000026af  UARTCharGetNonBlocking        
000026bd  UARTCharsAvail                
000026cb  __TI_decompress_none          
000026d9  GPIOIntEnable                 
000026e5  PWMGenDisable                 
000026f1  PWMGenEnable                  
000026fd  __TI_zero_init                
00002709  ledsPeriodical2Off            
00002715  motVelSetPointLeft            
00002721  motVelSetPointRight           
0000272d  ResetISR                      
00002739  ADCIntClear                   
00002743  QEIDisable                    
0000274d  QEIEnable                     
00002757  QEIVelocityDisable            
00002761  QEIVelocityEnable             
0000276b  TimerIntDisable               
00002775  TimerIntStatus                
0000277f  UARTCharGet                   
00002789  UARTCharPut                   
00002793  UARTFIFOEnable                
0000279d  TimerIntEnable                
000027a5  UARTIntEnable                 
000027ad  GPIOIntClear                  
000027b3  GPIOPinWrite                  
000027b9  SysCtlDelay                   
000027bf  UARTClockSourceSet            
000027c5  UARTFIFOLevelSet              
000027cb  __TI_decompress_rle24         
000027d1  QEIPositionGet                
000027d5  QEIPositionSet                
000027d9  QEIVelocityGet                
000027dd  TimerADCEventSet              
000027e1  TimerIntClear                 
000027e5  UARTIntClear                  
000027e9  _system_pre_init              
00002c48  sensorsTable                  
00002cc8  __TI_Handler_Table_Base       
00002cd4  __TI_Handler_Table_Limit      
00002ce8  __TI_CINIT_Base               
00002d00  __TI_CINIT_Limit              
20000000  g_pfnRAMVectors               
2000026c  __stack                       
2000046c  __STACK_END                   
2000046c  __STACK_TOP                   
2000046c  btStruct                      
200004f0  cntrlSt                       
20000520  str                           
20000540  irSenStruct                   
20000558  batSensStruct                 
20000568  topStruct                     
20000578  myTimerStruct                 
20000580  robotStruct                   
20000584  _lock                         
20000588  _unlock                       
2000058c  __TI_cleanup_ptr              
20000590  __TI_dtors_ptr                
2000059c  main_func_sp                  
ffffffff  __binit__                     
ffffffff  __c_args__                    
ffffffff  binit                         
UNDEFED   SHT$$INIT_ARRAY$$Base         
UNDEFED   SHT$$INIT_ARRAY$$Limit        

[214 symbols]
